==============================================================================
 UNO / Cahn-Hilliard -- TRAINING   2026-08-23 12:48:49
==============================================================================
[setup] NVIDIA A100-SXM4-40GB, 42.4 GB, torch 2.13.0+cu126
[setup] device=cuda:0 precision=fp32 dtype=torch.float32 world_size=1
[setup] results -> /iitjhome/m25ph1006/chc_uno_v1/Results
[data] train (20, 2990, 64, 64)  val (5, 2990, 64, 64)  float32, 0.98 GB
[data] train_off=all -> trajectories [0, 1, 2, 3, 4, 5, 6, 7, 8, 9, 10, 11, 12, 13, 14, 15, 16, 17, 18, 19] (off=[-0.4, -0.2, 0.0, 0.2, 0.4])
[data] sign-flip augmentation on, sampling from cuda:0
[val] l=128 ground truth for seeds [31337, 24601, 8675309, 20250, 42424, 90210, 23571, 55555, 48151, 62831]
[model] 17,901,252 parameters, modes/level [20, 10, 5, 2], dtype=torch.float32
[model] conserve_mass=True dt_conditioned=True residual_prediction=True
[data] max trainable dt by unroll: 1 -> 50.0, 2 -> 50.0, 4 -> 50.0
[setup] early stopping disabled (patience=0); the no-gain counter is still logged, so the epoch any patience would have fired at can be read straight off the log
epoch   1/60 | unroll  1 | train 0.08283 | val1 0.05210 | d/psi 0.1076 | lr 3.00e-03 | 26.5s (133 ms/step)
epoch   2/60 | unroll  1 | train 0.01209 | val1 0.04402 | d/psi 0.1337 | lr 3.00e-03 | 21.3s (106 ms/step) | rollout -0.2788 | survives t=    172 [172, 172, 172, 172, 172, 172, 172, 172, 172, 172]  <- best
epoch   3/60 | unroll  1 | train 0.00786 | val1 0.06139 | d/psi 0.1337 | lr 2.99e-03 | 21.3s (106 ms/step)
epoch   4/60 | unroll  1 | train 0.00602 | val1 0.04004 | d/psi 0.1343 | lr 2.98e-03 | 21.3s (106 ms/step) | rollout -0.1681 | survives t=    172 [172, 172, 172, 172, 172, 172, 172, 172, 172, 172]  <- best
[stage] unroll -> 2; max trainable dt 50.0
epoch   5/60 | unroll  2 | train 0.00676 | val1 0.03330 | d/psi 0.1466 | lr 1.93e-03 | 24.5s (123 ms/step)
epoch   6/60 | unroll  2 | train 0.00559 | val1 0.03195 | d/psi 0.1443 | lr 1.92e-03 | 23.0s (115 ms/step) | rollout 0.1665 | survives t=    172 [172, 172, 172, 172, 172, 172, 172, 172, 172, 172]  <- best
epoch   7/60 | unroll  2 | train 0.00544 | val1 0.02472 | d/psi 0.1422 | lr 1.90e-03 | 23.0s (115 ms/step)
epoch   8/60 | unroll  2 | train 0.00488 | val1 0.02644 | d/psi 0.1429 | lr 1.88e-03 | 23.0s (115 ms/step) | rollout 0.4804 | survives t=    228 [248, 208, 208, 248, 248, 208, 208, 248, 248, 208]  <- best
epoch   9/60 | unroll  2 | train 0.00443 | val1 0.01768 | d/psi 0.1401 | lr 1.86e-03 | 23.0s (115 ms/step)
epoch  10/60 | unroll  2 | train 0.00435 | val1 0.00940 | d/psi 0.1435 | lr 1.84e-03 | 23.0s (115 ms/step) | rollout 0.6819 | survives t=    344 [368, 328, 288, 368, 328, 328, 288, 408, 368, 368]  <- best
epoch  11/60 | unroll  2 | train 0.00416 | val1 0.00787 | d/psi 0.1412 | lr 1.82e-03 | 23.0s (115 ms/step)
[stage] unroll -> 4; max trainable dt 50.0
epoch  12/60 | unroll  4 | train 0.00858 | val1 0.00369 | d/psi 0.1666 | lr 1.16e-03 | 29.3s (146 ms/step) | rollout 0.7988 | survives t=    919 [568, 1088, 688, 568, 928, 648, 888, 848, 2000, 968]  <- best
epoch  13/60 | unroll  4 | train 0.00795 | val1 0.00490 | d/psi 0.1675 | lr 1.14e-03 | 28.3s (141 ms/step)
epoch  14/60 | unroll  4 | train 0.00699 | val1 0.00278 | d/psi 0.1663 | lr 1.12e-03 | 28.3s (141 ms/step) | rollout 0.8575 | survives t=   1597 [1048, 1648, 1288, 2000, 2000, 1008, 1328, 2000, 2000, 1648]  <- best
epoch  15/60 | unroll  4 | train 0.00686 | val1 0.00261 | d/psi 0.1745 | lr 1.10e-03 | 28.3s (141 ms/step)
epoch  16/60 | unroll  4 | train 0.00694 | val1 0.00182 | d/psi 0.1668 | lr 1.08e-03 | 28.3s (141 ms/step) | rollout 0.8802 | survives t=   1629 [1208, 1528, 1328, 2000, 2000, 1048, 1568, 2000, 2000, 1608]  <- best
epoch  17/60 | unroll  4 | train 0.00663 | val1 0.00131 | d/psi 0.1712 | lr 1.05e-03 | 28.3s (141 ms/step)
epoch  18/60 | unroll  4 | train 0.00615 | val1 0.00107 | d/psi 0.1730 | lr 1.03e-03 | 28.3s (141 ms/step) | rollout 0.8891 | survives t=   1649 [1248, 1448, 1648, 2000, 2000, 1048, 1568, 2000, 2000, 1528]  <- best
epoch  19/60 | unroll  4 | train 0.00553 | val1 0.00048 | d/psi 0.1674 | lr 9.99e-04 | 28.3s (141 ms/step)
epoch  20/60 | unroll  4 | train 0.00507 | val1 0.00069 | d/psi 0.1644 | lr 9.71e-04 | 28.3s (141 ms/step) | rollout 0.8855 | survives t=   1625 [1248, 1368, 1568, 2000, 2000, 1048, 1528, 2000, 2000, 1488]  (no gain 1/off)
epoch  21/60 | unroll  4 | train 0.00515 | val1 0.00040 | d/psi 0.1714 | lr 9.42e-04 | 28.3s (141 ms/step)
epoch  22/60 | unroll  4 | train 0.00464 | val1 0.00051 | d/psi 0.1716 | lr 9.12e-04 | 28.3s (141 ms/step) | rollout 0.8805 | survives t=   1597 [1208, 1328, 1528, 2000, 2000, 1008, 1488, 2000, 2000, 1408]  (no gain 2/off)
epoch  23/60 | unroll  4 | train 0.00472 | val1 0.00039 | d/psi 0.1616 | lr 8.81e-04 | 28.4s (142 ms/step)
epoch  24/60 | unroll  4 | train 0.00507 | val1 0.00061 | d/psi 0.1671 | lr 8.50e-04 | 28.4s (142 ms/step) | rollout 0.8732 | survives t=   1565 [1168, 1248, 1448, 2000, 2000, 1008, 1448, 2000, 2000, 1328]  (no gain 3/off)
epoch  25/60 | unroll  4 | train 0.00432 | val1 0.00023 | d/psi 0.1674 | lr 8.18e-04 | 28.3s (141 ms/step)
epoch  26/60 | unroll  4 | train 0.00430 | val1 0.00037 | d/psi 0.1652 | lr 7.86e-04 | 28.3s (142 ms/step) | rollout 0.8674 | survives t=   1542 [1128, 1248, 1448, 1968, 1928, 968, 1448, 2000, 2000, 1288]  (no gain 4/off)
epoch  27/60 | unroll  4 | train 0.00407 | val1 0.00027 | d/psi 0.1596 | lr 7.53e-04 | 28.4s (142 ms/step)
epoch  28/60 | unroll  4 | train 0.00465 | val1 0.00019 | d/psi 0.1638 | lr 7.20e-04 | 28.4s (142 ms/step) | rollout 0.8622 | survives t=   1522 [1128, 1208, 1408, 1928, 1888, 968, 1408, 2000, 2000, 1288]  (no gain 5/off)
epoch  29/60 | unroll  4 | train 0.00402 | val1 0.00020 | d/psi 0.1751 | lr 6.86e-04 | 28.3s (141 ms/step)
epoch  30/60 | unroll  4 | train 0.00387 | val1 0.00022 | d/psi 0.1667 | lr 6.53e-04 | 28.3s (142 ms/step) | rollout 0.8572 | survives t=   1494 [1088, 1208, 1368, 1848, 1848, 968, 1368, 2000, 2000, 1248]  (no gain 6/off)
epoch  31/60 | unroll  4 | train 0.00370 | val1 0.00020 | d/psi 0.1633 | lr 6.19e-04 | 28.3s (142 ms/step)
epoch  32/60 | unroll  4 | train 0.00388 | val1 0.00017 | d/psi 0.1621 | lr 5.85e-04 | 28.4s (142 ms/step) | rollout 0.8553 | survives t=   1494 [1088, 1208, 1408, 1848, 1808, 968, 1368, 2000, 2000, 1248]  (no gain 7/off)
epoch  33/60 | unroll  4 | train 0.00337 | val1 0.00015 | d/psi 0.1658 | lr 5.52e-04 | 28.4s (142 ms/step)
epoch  34/60 | unroll  4 | train 0.00364 | val1 0.00009 | d/psi 0.1647 | lr 5.19e-04 | 28.4s (142 ms/step) | rollout 0.8528 | survives t=   1482 [1088, 1208, 1368, 1808, 1808, 968, 1368, 2000, 2000, 1208]  (no gain 8/off)
epoch  35/60 | unroll  4 | train 0.00337 | val1 0.00031 | d/psi 0.1650 | lr 4.86e-04 | 28.4s (142 ms/step)
epoch  36/60 | unroll  4 | train 0.00321 | val1 0.00018 | d/psi 0.1684 | lr 4.54e-04 | 28.4s (142 ms/step) | rollout 0.8501 | survives t=   1471 [1088, 1208, 1368, 1768, 1768, 968, 1368, 2000, 1968, 1208]  (no gain 9/off)
epoch  37/60 | unroll  4 | train 0.00310 | val1 0.00024 | d/psi 0.1690 | lr 4.22e-04 | 28.4s (142 ms/step)
epoch  38/60 | unroll  4 | train 0.00327 | val1 0.00019 | d/psi 0.1658 | lr 3.90e-04 | 28.3s (142 ms/step) | rollout 0.8482 | survives t=   1463 [1048, 1208, 1368, 1768, 1768, 968, 1328, 2000, 1968, 1208]  (no gain 10/off)
epoch  39/60 | unroll  4 | train 0.00311 | val1 0.00017 | d/psi 0.1690 | lr 3.60e-04 | 28.3s (142 ms/step)
epoch  40/60 | unroll  4 | train 0.00273 | val1 0.00021 | d/psi 0.1620 | lr 3.30e-04 | 28.3s (142 ms/step) | rollout 0.8471 | survives t=   1459 [1048, 1208, 1368, 1768, 1768, 968, 1328, 2000, 1928, 1208]  (no gain 11/off)
epoch  41/60 | unroll  4 | train 0.00277 | val1 0.00012 | d/psi 0.1636 | lr 3.01e-04 | 28.4s (142 ms/step)
epoch  42/60 | unroll  4 | train 0.00275 | val1 0.00026 | d/psi 0.1774 | lr 2.73e-04 | 28.4s (142 ms/step) | rollout 0.8462 | survives t=   1455 [1048, 1208, 1368, 1768, 1728, 968, 1328, 2000, 1928, 1208]  (no gain 12/off)
epoch  43/60 | unroll  4 | train 0.00282 | val1 0.00027 | d/psi 0.1698 | lr 2.46e-04 | 28.3s (142 ms/step)
epoch  44/60 | unroll  4 | train 0.00262 | val1 0.00023 | d/psi 0.1683 | lr 2.20e-04 | 28.3s (141 ms/step) | rollout 0.8455 | survives t=   1455 [1048, 1208, 1368, 1768, 1728, 968, 1328, 2000, 1928, 1208]  (no gain 13/off)
epoch  45/60 | unroll  4 | train 0.00253 | val1 0.00025 | d/psi 0.1660 | lr 1.95e-04 | 28.3s (141 ms/step)
epoch  46/60 | unroll  4 | train 0.00269 | val1 0.00013 | d/psi 0.1734 | lr 1.72e-04 | 28.3s (141 ms/step) | rollout 0.8449 | survives t=   1451 [1048, 1208, 1368, 1728, 1728, 968, 1328, 2000, 1928, 1208]  (no gain 14/off)
epoch  47/60 | unroll  4 | train 0.00290 | val1 0.00010 | d/psi 0.1684 | lr 1.50e-04 | 28.4s (142 ms/step)
epoch  48/60 | unroll  4 | train 0.00227 | val1 0.00024 | d/psi 0.1719 | lr 1.29e-04 | 28.4s (142 ms/step) | rollout 0.8447 | survives t=   1451 [1048, 1208, 1368, 1728, 1728, 968, 1328, 2000, 1928, 1208]  (no gain 15/off)
epoch  49/60 | unroll  4 | train 0.00269 | val1 0.00004 | d/psi 0.1681 | lr 1.10e-04 | 28.4s (142 ms/step)
epoch  50/60 | unroll  4 | train 0.00225 | val1 0.00010 | d/psi 0.1674 | lr 9.17e-05 | 28.3s (142 ms/step) | rollout 0.8443 | survives t=   1451 [1048, 1208, 1368, 1728, 1728, 968, 1328, 2000, 1928, 1208]  (no gain 16/off)
epoch  51/60 | unroll  4 | train 0.00231 | val1 0.00018 | d/psi 0.1675 | lr 7.54e-05 | 28.4s (142 ms/step)
epoch  52/60 | unroll  4 | train 0.00244 | val1 0.00020 | d/psi 0.1673 | lr 6.07e-05 | 28.3s (142 ms/step) | rollout 0.8434 | survives t=   1451 [1048, 1208, 1368, 1728, 1728, 968, 1328, 2000, 1928, 1208]  (no gain 17/off)
epoch  53/60 | unroll  4 | train 0.00257 | val1 0.00013 | d/psi 0.1697 | lr 4.76e-05 | 28.3s (142 ms/step)
epoch  54/60 | unroll  4 | train 0.00237 | val1 0.00014 | d/psi 0.1693 | lr 3.62e-05 | 28.3s (142 ms/step) | rollout 0.8433 | survives t=   1447 [1048, 1208, 1368, 1728, 1728, 968, 1328, 2000, 1888, 1208]  (no gain 18/off)
epoch  55/60 | unroll  4 | train 0.00230 | val1 0.00008 | d/psi 0.1684 | lr 2.65e-05 | 28.3s (142 ms/step)
epoch  56/60 | unroll  4 | train 0.00225 | val1 0.00011 | d/psi 0.1677 | lr 1.85e-05 | 28.4s (142 ms/step) | rollout 0.8429 | survives t=   1447 [1048, 1208, 1368, 1728, 1728, 968, 1328, 2000, 1888, 1208]  (no gain 19/off)
epoch  57/60 | unroll  4 | train 0.00219 | val1 0.00011 | d/psi 0.1737 | lr 1.23e-05 | 28.3s (142 ms/step)
epoch  58/60 | unroll  4 | train 0.00251 | val1 0.00009 | d/psi 0.1662 | lr 7.80e-06 | 28.3s (142 ms/step) | rollout 0.8427 | survives t=   1447 [1048, 1208, 1368, 1728, 1728, 968, 1328, 2000, 1888, 1208]  (no gain 20/off)
epoch  59/60 | unroll  4 | train 0.00231 | val1 0.00016 | d/psi 0.1739 | lr 5.12e-06 | 28.3s (142 ms/step)
epoch  60/60 | unroll  4 | train 0.00213 | val1 0.00014 | d/psi 0.1705 | lr 4.23e-06 | 28.3s (142 ms/step) | rollout 0.8428 | survives t=   1447 [1048, 1208, 1368, 1728, 1728, 968, 1328, 2000, 1888, 1208]  (no gain 21/off)
[mem] peak allocated 5.85 GB
[done] best rollout 0.8891 (survives to t = 1649, epoch 18) | total 0.47 h (1691s) | 17,901,252 parameters | saved to /iitjhome/m25ph1006/chc_uno_v1/Results/uno_ch_best.pt
==============================================================================
 UNO / Cahn-Hilliard -- TRAINING   2026-08-25 06:43:36
==============================================================================
[setup] NVIDIA A100-SXM4-40GB, 42.4 GB, torch 2.13.0+cu126
[setup] device=cuda:0 precision=fp32 dtype=torch.float32 world_size=1
[setup] results -> /iitjhome/m25ph1006/chc_uno_v1/Results
[data] train (20, 2990, 64, 64)  val (5, 2990, 64, 64)  float32, 0.98 GB
[data] train_off=all -> trajectories [0, 1, 2, 3, 4, 5, 6, 7, 8, 9, 10, 11, 12, 13, 14, 15, 16, 17, 18, 19] (off=[-0.4, -0.2, 0.0, 0.2, 0.4])
[data] sign-flip augmentation on, sampling from cuda:0
[val] l=128 ground truth for seeds [31337, 24601, 8675309, 20250, 42424, 90210, 23571, 55555, 48151, 62831]
[model] 17,901,252 parameters, modes/level [20, 10, 5, 2], dtype=torch.float32
[model] conserve_mass=False dt_conditioned=True residual_prediction=True
[data] max trainable dt by unroll: 1 -> 50.0, 2 -> 50.0, 4 -> 50.0
[resume] ignoring uno_ch_state.pt: architecture changed: {'conserve_mass': (True, False)}
[resume] kept as uno_ch_state_stale.pt; starting fresh
[resume] fresh start: kept the existing checkpoint as uno_ch_best_prev.pt so this run cannot overwrite it with an early-epoch model
[setup] early stopping disabled (patience=0); the no-gain counter is still logged, so the epoch any patience would have fired at can be read straight off the log
epoch   1/60 | unroll  1 | train 0.09955 | val1 0.05211 | d/psi 0.1030 | lr 3.00e-03 | 84.9s (425 ms/step)
epoch   2/60 | unroll  1 | train 0.01871 | val1 0.04402 | d/psi 0.1330 | lr 3.00e-03 | 71.6s (358 ms/step) | rollout -0.2578 | survives t=    172 [172, 172, 172, 172, 172, 172, 172, 172, 172, 172]  <- best
epoch   3/60 | unroll  1 | train 0.00777 | val1 0.06181 | d/psi 0.1338 | lr 2.99e-03 | 71.6s (358 ms/step)
epoch   4/60 | unroll  1 | train 0.00593 | val1 0.04040 | d/psi 0.1344 | lr 2.98e-03 | 71.6s (358 ms/step) | rollout -0.1812 | survives t=    172 [172, 172, 172, 172, 172, 172, 172, 172, 172, 172]  <- best
[stage] unroll -> 2; max trainable dt 50.0
epoch   5/60 | unroll  2 | train 0.00697 | val1 0.03435 | d/psi 0.1464 | lr 1.93e-03 | 83.8s (419 ms/step)
epoch   6/60 | unroll  2 | train 0.00593 | val1 0.03401 | d/psi 0.1442 | lr 1.92e-03 | 78.3s (391 ms/step) | rollout 0.1425 | survives t=    172 [172, 172, 172, 172, 172, 172, 172, 172, 172, 172]  <- best
epoch   7/60 | unroll  2 | train 0.00549 | val1 0.02662 | d/psi 0.1422 | lr 1.90e-03 | 78.5s (393 ms/step)
epoch   8/60 | unroll  2 | train 0.00542 | val1 0.02890 | d/psi 0.1427 | lr 1.88e-03 | 78.5s (392 ms/step) | rollout 0.4477 | survives t=    212 [208, 208, 208, 208, 208, 208, 208, 208, 248, 208]  <- best
epoch   9/60 | unroll  2 | train 0.00511 | val1 0.02004 | d/psi 0.1398 | lr 1.86e-03 | 78.6s (393 ms/step)
epoch  10/60 | unroll  2 | train 0.00456 | val1 0.01067 | d/psi 0.1436 | lr 1.84e-03 | 78.6s (393 ms/step) | rollout 0.6653 | survives t=    312 [328, 288, 288, 328, 288, 288, 288, 368, 328, 328]  <- best
epoch  11/60 | unroll  2 | train 0.00441 | val1 0.00926 | d/psi 0.1411 | lr 1.82e-03 | 78.6s (393 ms/step)
[stage] unroll -> 4; max trainable dt 50.0
epoch  12/60 | unroll  4 | train 0.01038 | val1 0.00429 | d/psi 0.1658 | lr 1.16e-03 | 93.7s (468 ms/step) | rollout 0.7957 | survives t=    796 [528, 1808, 528, 528, 888, 568, 808, 768, 648, 888]  <- best
epoch  13/60 | unroll  4 | train 0.00897 | val1 0.00583 | d/psi 0.1671 | lr 1.14e-03 | 90.4s (452 ms/step)
epoch  14/60 | unroll  4 | train 0.00796 | val1 0.00335 | d/psi 0.1666 | lr 1.12e-03 | 90.4s (452 ms/step) | rollout 0.8696 | survives t=   1750 [1048, 2000, 2000, 2000, 2000, 1088, 1368, 2000, 2000, 2000]  <- best
epoch  15/60 | unroll  4 | train 0.00784 | val1 0.00311 | d/psi 0.1743 | lr 1.10e-03 | 90.4s (452 ms/step)
epoch  16/60 | unroll  4 | train 0.00763 | val1 0.00217 | d/psi 0.1671 | lr 1.08e-03 | 90.4s (452 ms/step) | rollout 0.9047 | survives t=   1847 [1448, 1928, 2000, 2000, 2000, 1328, 1768, 2000, 2000, 2000]  <- best
epoch  17/60 | unroll  4 | train 0.00677 | val1 0.00154 | d/psi 0.1714 | lr 1.05e-03 | 90.4s (452 ms/step)
epoch  18/60 | unroll  4 | train 0.00701 | val1 0.00135 | d/psi 0.1734 | lr 1.03e-03 | 90.4s (452 ms/step) | rollout 0.9233 | survives t=   1876 [1648, 1768, 2000, 2000, 2000, 1648, 1808, 2000, 2000, 1888]  <- best
epoch  19/60 | unroll  4 | train 0.00621 | val1 0.00056 | d/psi 0.1670 | lr 9.99e-04 | 90.4s (452 ms/step)
epoch  20/60 | unroll  4 | train 0.00538 | val1 0.00079 | d/psi 0.1647 | lr 9.71e-04 | 90.4s (452 ms/step) | rollout 0.9262 | survives t=   1844 [1648, 1648, 2000, 2000, 2000, 1568, 1768, 2000, 2000, 1808]  <- best
epoch  21/60 | unroll  4 | train 0.00596 | val1 0.00042 | d/psi 0.1711 | lr 9.42e-04 | 90.4s (452 ms/step)
epoch  22/60 | unroll  4 | train 0.00509 | val1 0.00061 | d/psi 0.1719 | lr 9.12e-04 | 90.4s (452 ms/step) | rollout 0.9241 | survives t=   1801 [1568, 1568, 1928, 2000, 2000, 1488, 1728, 2000, 2000, 1728]  (no gain 1/off)
epoch  23/60 | unroll  4 | train 0.00534 | val1 0.00042 | d/psi 0.1616 | lr 8.81e-04 | 90.4s (452 ms/step)
epoch  24/60 | unroll  4 | train 0.00545 | val1 0.00066 | d/psi 0.1672 | lr 8.50e-04 | 90.3s (452 ms/step) | rollout 0.9195 | survives t=   1757 [1448, 1528, 1808, 2000, 2000, 1448, 1688, 2000, 2000, 1648]  (no gain 2/off)
epoch  25/60 | unroll  4 | train 0.00469 | val1 0.00028 | d/psi 0.1679 | lr 8.18e-04 | 90.3s (452 ms/step)
epoch  26/60 | unroll  4 | train 0.00517 | val1 0.00041 | d/psi 0.1648 | lr 7.86e-04 | 90.3s (452 ms/step) | rollout 0.9207 | survives t=   1768 [1408, 1488, 1768, 2000, 2000, 1408, 2000, 2000, 2000, 1608]  (no gain 3/off)
epoch  27/60 | unroll  4 | train 0.00452 | val1 0.00031 | d/psi 0.1595 | lr 7.53e-04 | 90.4s (452 ms/step)
epoch  28/60 | unroll  4 | train 0.00457 | val1 0.00022 | d/psi 0.1636 | lr 7.20e-04 | 90.5s (452 ms/step) | rollout 0.9163 | survives t=   1748 [1368, 1448, 1728, 2000, 2000, 1368, 2000, 2000, 2000, 1568]  (no gain 4/off)
epoch  29/60 | unroll  4 | train 0.00427 | val1 0.00023 | d/psi 0.1751 | lr 6.86e-04 | 90.5s (452 ms/step)
epoch  30/60 | unroll  4 | train 0.00417 | val1 0.00026 | d/psi 0.1666 | lr 6.53e-04 | 90.5s (453 ms/step) | rollout 0.9074 | survives t=   1693 [1328, 1408, 1688, 2000, 2000, 1368, 1568, 2000, 2000, 1568]  (no gain 5/off)
epoch  31/60 | unroll  4 | train 0.00414 | val1 0.00022 | d/psi 0.1634 | lr 6.19e-04 | 90.5s (453 ms/step)
epoch  32/60 | unroll  4 | train 0.00378 | val1 0.00018 | d/psi 0.1621 | lr 5.85e-04 | 90.5s (453 ms/step) | rollout 0.9071 | survives t=   1697 [1288, 1408, 1648, 2000, 2000, 1328, 1568, 2000, 2000, 1728]  (no gain 6/off)
epoch  33/60 | unroll  4 | train 0.00363 | val1 0.00018 | d/psi 0.1660 | lr 5.52e-04 | 90.6s (453 ms/step)
epoch  34/60 | unroll  4 | train 0.00375 | val1 0.00010 | d/psi 0.1646 | lr 5.19e-04 | 90.5s (452 ms/step) | rollout 0.9049 | survives t=   1685 [1288, 1408, 1608, 2000, 2000, 1328, 1528, 2000, 2000, 1688]  (no gain 7/off)
epoch  35/60 | unroll  4 | train 0.00352 | val1 0.00037 | d/psi 0.1651 | lr 4.86e-04 | 90.4s (452 ms/step)
epoch  36/60 | unroll  4 | train 0.00335 | val1 0.00020 | d/psi 0.1688 | lr 4.54e-04 | 90.4s (452 ms/step) | rollout 0.9026 | survives t=   1681 [1288, 1368, 1608, 2000, 2000, 1328, 1528, 2000, 2000, 1688]  (no gain 8/off)
epoch  37/60 | unroll  4 | train 0.00317 | val1 0.00027 | d/psi 0.1691 | lr 4.22e-04 | 90.5s (452 ms/step)
epoch  38/60 | unroll  4 | train 0.00355 | val1 0.00021 | d/psi 0.1658 | lr 3.90e-04 | 90.4s (452 ms/step) | rollout 0.9008 | survives t=   1666 [1248, 1368, 1608, 2000, 1968, 1288, 1528, 2000, 2000, 1648]  (no gain 9/off)
epoch  39/60 | unroll  4 | train 0.00311 | val1 0.00019 | d/psi 0.1689 | lr 3.60e-04 | 90.4s (452 ms/step)
epoch  40/60 | unroll  4 | train 0.00279 | val1 0.00024 | d/psi 0.1619 | lr 3.30e-04 | 90.4s (452 ms/step) | rollout 0.9003 | survives t=   1669 [1248, 1368, 1608, 2000, 2000, 1288, 1528, 2000, 2000, 1648]  (no gain 10/off)
epoch  41/60 | unroll  4 | train 0.00290 | val1 0.00012 | d/psi 0.1636 | lr 3.01e-04 | 90.4s (452 ms/step)
epoch  42/60 | unroll  4 | train 0.00281 | val1 0.00028 | d/psi 0.1773 | lr 2.73e-04 | 90.5s (452 ms/step) | rollout 0.8996 | survives t=   1665 [1248, 1368, 1608, 2000, 2000, 1288, 1488, 2000, 2000, 1648]  (no gain 11/off)
epoch  43/60 | unroll  4 | train 0.00290 | val1 0.00029 | d/psi 0.1698 | lr 2.46e-04 | 90.4s (452 ms/step)
epoch  44/60 | unroll  4 | train 0.00272 | val1 0.00024 | d/psi 0.1680 | lr 2.20e-04 | 90.5s (452 ms/step) | rollout 0.8993 | survives t=   1661 [1248, 1368, 1568, 2000, 2000, 1288, 1488, 2000, 2000, 1648]  (no gain 12/off)
epoch  45/60 | unroll  4 | train 0.00261 | val1 0.00026 | d/psi 0.1659 | lr 1.95e-04 | 90.4s (452 ms/step)
epoch  46/60 | unroll  4 | train 0.00275 | val1 0.00015 | d/psi 0.1733 | lr 1.72e-04 | 90.5s (452 ms/step) | rollout 0.8990 | survives t=   1661 [1248, 1368, 1568, 2000, 2000, 1288, 1488, 2000, 2000, 1648]  (no gain 13/off)
epoch  47/60 | unroll  4 | train 0.00295 | val1 0.00011 | d/psi 0.1683 | lr 1.50e-04 | 90.5s (452 ms/step)
epoch  48/60 | unroll  4 | train 0.00233 | val1 0.00025 | d/psi 0.1719 | lr 1.29e-04 | 90.5s (453 ms/step) | rollout 0.8986 | survives t=   1661 [1248, 1368, 1568, 2000, 2000, 1288, 1488, 2000, 2000, 1648]  (no gain 14/off)
epoch  49/60 | unroll  4 | train 0.00275 | val1 0.00004 | d/psi 0.1679 | lr 1.10e-04 | 90.4s (452 ms/step)
epoch  50/60 | unroll  4 | train 0.00228 | val1 0.00011 | d/psi 0.1674 | lr 9.17e-05 | 90.3s (452 ms/step) | rollout 0.8983 | survives t=   1661 [1248, 1368, 1568, 2000, 2000, 1288, 1488, 2000, 2000, 1648]  (no gain 15/off)
epoch  51/60 | unroll  4 | train 0.00234 | val1 0.00020 | d/psi 0.1675 | lr 7.54e-05 | 90.4s (452 ms/step)
epoch  52/60 | unroll  4 | train 0.00248 | val1 0.00023 | d/psi 0.1673 | lr 6.07e-05 | 90.3s (452 ms/step) | rollout 0.8983 | survives t=   1661 [1248, 1368, 1568, 2000, 2000, 1288, 1488, 2000, 2000, 1648]  (no gain 16/off)
epoch  53/60 | unroll  4 | train 0.00262 | val1 0.00016 | d/psi 0.1696 | lr 4.76e-05 | 90.3s (452 ms/step)
epoch  54/60 | unroll  4 | train 0.00240 | val1 0.00015 | d/psi 0.1694 | lr 3.62e-05 | 90.3s (452 ms/step) | rollout 0.8984 | survives t=   1661 [1248, 1368, 1568, 2000, 2000, 1288, 1488, 2000, 2000, 1648]  (no gain 17/off)
epoch  55/60 | unroll  4 | train 0.00235 | val1 0.00008 | d/psi 0.1683 | lr 2.65e-05 | 90.4s (452 ms/step)
epoch  56/60 | unroll  4 | train 0.00229 | val1 0.00011 | d/psi 0.1676 | lr 1.85e-05 | 90.4s (452 ms/step) | rollout 0.8986 | survives t=   1661 [1248, 1368, 1568, 2000, 2000, 1288, 1488, 2000, 2000, 1648]  (no gain 18/off)
epoch  57/60 | unroll  4 | train 0.00222 | val1 0.00012 | d/psi 0.1735 | lr 1.23e-05 | 90.4s (452 ms/step)
epoch  58/60 | unroll  4 | train 0.00253 | val1 0.00011 | d/psi 0.1662 | lr 7.80e-06 | 90.4s (452 ms/step) | rollout 0.8986 | survives t=   1661 [1248, 1368, 1568, 2000, 2000, 1288, 1488, 2000, 2000, 1648]  (no gain 19/off)
epoch  59/60 | unroll  4 | train 0.00234 | val1 0.00017 | d/psi 0.1738 | lr 5.12e-06 | 90.4s (452 ms/step)
epoch  60/60 | unroll  4 | train 0.00216 | val1 0.00017 | d/psi 0.1705 | lr 4.23e-06 | 90.4s (452 ms/step) | rollout 0.8987 | survives t=   1661 [1248, 1368, 1568, 2000, 2000, 1288, 1488, 2000, 2000, 1648]  (no gain 20/off)
[mem] peak allocated 5.85 GB
[done] best rollout 0.9262 (survives to t = 1844, epoch 20) | total 1.50 h (5394s) | 17,901,252 parameters | saved to /iitjhome/m25ph1006/chc_uno_v1/Results/uno_ch_best.pt
